Archive member included to satisfy reference by file (symbol)

c:/users/marta/stm32cubeide/workspace_1.0.1/stm32cubeide_1.0.1/stm32cubeide/plugins/com.st.stm32cube.ide.mcu.externaltools.gnu-tools-for-stm32.7-2018-q2-update.win32_1.0.0.201904181610/tools/bin/../lib/gcc/arm-none-eabi/7.3.1/../../../../arm-none-eabi/lib/thumb/v7-m\libc_nano.a(lib_a-errno.o)
                              Src/syscalls.o (__errno)
c:/users/marta/stm32cubeide/workspace_1.0.1/stm32cubeide_1.0.1/stm32cubeide/plugins/com.st.stm32cube.ide.mcu.externaltools.gnu-tools-for-stm32.7-2018-q2-update.win32_1.0.0.201904181610/tools/bin/../lib/gcc/arm-none-eabi/7.3.1/../../../../arm-none-eabi/lib/thumb/v7-m\libc_nano.a(lib_a-exit.o)
                              c:/users/marta/stm32cubeide/workspace_1.0.1/stm32cubeide_1.0.1/stm32cubeide/plugins/com.st.stm32cube.ide.mcu.externaltools.gnu-tools-for-stm32.7-2018-q2-update.win32_1.0.0.201904181610/tools/bin/../lib/gcc/arm-none-eabi/7.3.1/../../../../arm-none-eabi/lib/thumb/v7-m/crt0.o (exit)
c:/users/marta/stm32cubeide/workspace_1.0.1/stm32cubeide_1.0.1/stm32cubeide/plugins/com.st.stm32cube.ide.mcu.externaltools.gnu-tools-for-stm32.7-2018-q2-update.win32_1.0.0.201904181610/tools/bin/../lib/gcc/arm-none-eabi/7.3.1/../../../../arm-none-eabi/lib/thumb/v7-m\libc_nano.a(lib_a-impure.o)
                              c:/users/marta/stm32cubeide/workspace_1.0.1/stm32cubeide_1.0.1/stm32cubeide/plugins/com.st.stm32cube.ide.mcu.externaltools.gnu-tools-for-stm32.7-2018-q2-update.win32_1.0.0.201904181610/tools/bin/../lib/gcc/arm-none-eabi/7.3.1/../../../../arm-none-eabi/lib/thumb/v7-m\libc_nano.a(lib_a-exit.o) (_global_impure_ptr)
c:/users/marta/stm32cubeide/workspace_1.0.1/stm32cubeide_1.0.1/stm32cubeide/plugins/com.st.stm32cube.ide.mcu.externaltools.gnu-tools-for-stm32.7-2018-q2-update.win32_1.0.0.201904181610/tools/bin/../lib/gcc/arm-none-eabi/7.3.1/../../../../arm-none-eabi/lib/thumb/v7-m\libc_nano.a(lib_a-init.o)
                              c:/users/marta/stm32cubeide/workspace_1.0.1/stm32cubeide_1.0.1/stm32cubeide/plugins/com.st.stm32cube.ide.mcu.externaltools.gnu-tools-for-stm32.7-2018-q2-update.win32_1.0.0.201904181610/tools/bin/../lib/gcc/arm-none-eabi/7.3.1/../../../../arm-none-eabi/lib/thumb/v7-m/crt0.o (__libc_init_array)
c:/users/marta/stm32cubeide/workspace_1.0.1/stm32cubeide_1.0.1/stm32cubeide/plugins/com.st.stm32cube.ide.mcu.externaltools.gnu-tools-for-stm32.7-2018-q2-update.win32_1.0.0.201904181610/tools/bin/../lib/gcc/arm-none-eabi/7.3.1/../../../../arm-none-eabi/lib/thumb/v7-m\libc_nano.a(lib_a-memset.o)
                              c:/users/marta/stm32cubeide/workspace_1.0.1/stm32cubeide_1.0.1/stm32cubeide/plugins/com.st.stm32cube.ide.mcu.externaltools.gnu-tools-for-stm32.7-2018-q2-update.win32_1.0.0.201904181610/tools/bin/../lib/gcc/arm-none-eabi/7.3.1/../../../../arm-none-eabi/lib/thumb/v7-m/crt0.o (memset)

Allocating common symbols
Common symbol       size              file

uartByte            0x1               Src/main.o
htim4               0x40              Src/main.o
huart3              0x40              Src/main.o
uwTick              0x4               Drivers/STM32F1xx_HAL_Driver/Src/stm32f1xx_hal.o
pFlash              0x20              Drivers/STM32F1xx_HAL_Driver/Src/stm32f1xx_hal_flash.o
UARTVal             0x1               Src/main.o
hspi1               0x58              Src/main.o
htim2               0x40              Src/main.o

Discarded input sections

 .text          0x0000000000000000        0x0 c:/users/marta/stm32cubeide/workspace_1.0.1/stm32cubeide_1.0.1/stm32cubeide/plugins/com.st.stm32cube.ide.mcu.externaltools.gnu-tools-for-stm32.7-2018-q2-update.win32_1.0.0.201904181610/tools/bin/../lib/gcc/arm-none-eabi/7.3.1/thumb/v7-m/crti.o
 .data          0x0000000000000000        0x0 c:/users/marta/stm32cubeide/workspace_1.0.1/stm32cubeide_1.0.1/stm32cubeide/plugins/com.st.stm32cube.ide.mcu.externaltools.gnu-tools-for-stm32.7-2018-q2-update.win32_1.0.0.201904181610/tools/bin/../lib/gcc/arm-none-eabi/7.3.1/thumb/v7-m/crti.o
 .bss           0x0000000000000000        0x0 c:/users/marta/stm32cubeide/workspace_1.0.1/stm32cubeide_1.0.1/stm32cubeide/plugins/com.st.stm32cube.ide.mcu.externaltools.gnu-tools-for-stm32.7-2018-q2-update.win32_1.0.0.201904181610/tools/bin/../lib/gcc/arm-none-eabi/7.3.1/thumb/v7-m/crti.o
 .data          0x0000000000000000        0x4 c:/users/marta/stm32cubeide/workspace_1.0.1/stm32cubeide_1.0.1/stm32cubeide/plugins/com.st.stm32cube.ide.mcu.externaltools.gnu-tools-for-stm32.7-2018-q2-update.win32_1.0.0.201904181610/tools/bin/../lib/gcc/arm-none-eabi/7.3.1/thumb/v7-m/crtbegin.o
 .text          0x0000000000000000       0x74 c:/users/marta/stm32cubeide/workspace_1.0.1/stm32cubeide_1.0.1/stm32cubeide/plugins/com.st.stm32cube.ide.mcu.externaltools.gnu-tools-for-stm32.7-2018-q2-update.win32_1.0.0.201904181610/tools/bin/../lib/gcc/arm-none-eabi/7.3.1/../../../../arm-none-eabi/lib/thumb/v7-m/crt0.o
[...]
Memory Configuration

Name             Origin             Length             Attributes
FLASH            0x0000000008000000 0x0000000000010000 xr
RAM              0x0000000020000000 0x0000000000005000 xrw
*default*        0x0000000000000000 0xffffffffffffffff

Linker script and memory map

LOAD c:/users/marta/stm32cubeide/workspace_1.0.1/stm32cubeide_1.0.1/stm32cubeide/plugins/com.st.stm32cube.ide.mcu.externaltools.gnu-tools-for-stm32.7-2018-q2-update.win32_1.0.0.201904181610/tools/bin/../lib/gcc/arm-none-eabi/7.3.1/thumb/v7-m/crti.o
LOAD c:/users/marta/stm32cubeide/workspace_1.0.1/stm32cubeide_1.0.1/stm32cubeide/plugins/com.st.stm32cube.ide.mcu.externaltools.gnu-tools-for-stm32.7-2018-q2-update.win32_1.0.0.201904181610/tools/bin/../lib/gcc/arm-none-eabi/7.3.1/thumb/v7-m/crtbegin.o
LOAD c:/users/marta/stm32cubeide/workspace_1.0.1/stm32cubeide_1.0.1/stm32cubeide/plugins/com.st.stm32cube.ide.mcu.externaltools.gnu-tools-for-stm32.7-2018-q2-update.win32_1.0.0.201904181610/tools/bin/../lib/gcc/arm-none-eabi/7.3.1/../../../../arm-none-eabi/lib/thumb/v7-m/crt0.o
LOAD Drivers/STM32F1xx_HAL_Driver/Src/stm32f1xx_hal.o
LOAD Drivers/STM32F1xx_HAL_Driver/Src/stm32f1xx_hal_cortex.o
LOAD Drivers/STM32F1xx_HAL_Driver/Src/stm32f1xx_hal_dma.o
LOAD Drivers/STM32F1xx_HAL_Driver/Src/stm32f1xx_hal_flash.o
LOAD Drivers/STM32F1xx_HAL_Driver/Src/stm32f1xx_hal_flash_ex.o
LOAD Drivers/STM32F1xx_HAL_Driver/Src/stm32f1xx_hal_gpio.o
LOAD Drivers/STM32F1xx_HAL_Driver/Src/stm32f1xx_hal_gpio_ex.o
LOAD Drivers/STM32F1xx_HAL_Driver/Src/stm32f1xx_hal_pwr.o
LOAD Drivers/STM32F1xx_HAL_Driver/Src/stm32f1xx_hal_rcc.o
LOAD Drivers/STM32F1xx_HAL_Driver/Src/stm32f1xx_hal_rcc_ex.o
LOAD Drivers/STM32F1xx_HAL_Driver/Src/stm32f1xx_hal_spi.o
LOAD Drivers/STM32F1xx_HAL_Driver/Src/stm32f1xx_hal_spi_ex.o
LOAD Drivers/STM32F1xx_HAL_Driver/Src/stm32f1xx_hal_tim.o
LOAD Drivers/STM32F1xx_HAL_Driver/Src/stm32f1xx_hal_tim_ex.o
LOAD Drivers/STM32F1xx_HAL_Driver/Src/stm32f1xx_hal_uart.o
LOAD Src/main.o
LOAD Src/stm32f1xx_hal_msp.o
LOAD Src/stm32f1xx_it.o
LOAD Src/syscalls.o
LOAD Src/sysmem.o
LOAD Src/system_stm32f1xx.o
LOAD Startup/startup_stm32f103c8tx.o
LOAD TLC5947/Src/tlc5947.o
START GROUP
LOAD c:/users/marta/stm32cubeide/workspace_1.0.1/stm32cubeide_1.0.1/stm32cubeide/plugins/com.st.stm32cube.ide.mcu.externaltools.gnu-tools-for-stm32.7-2018-q2-update.win32_1.0.0.201904181610/tools/bin/../lib/gcc/arm-none-eabi/7.3.1/../../../../arm-none-eabi/lib/thumb/v7-m\libc_nano.a
LOAD c:/users/marta/stm32cubeide/workspace_1.0.1/stm32cubeide_1.0.1/stm32cubeide/plugins/com.st.stm32cube.ide.mcu.externaltools.gnu-tools-for-stm32.7-2018-q2-update.win32_1.0.0.201904181610/tools/bin/../lib/gcc/arm-none-eabi/7.3.1/../../../../arm-none-eabi/lib/thumb/v7-m\libm.a
END GROUP
START GROUP
LOAD c:/users/marta/stm32cubeide/workspace_1.0.1/stm32cubeide_1.0.1/stm32cubeide/plugins/com.st.stm32cube.ide.mcu.externaltools.gnu-tools-for-stm32.7-2018-q2-update.win32_1.0.0.201904181610/tools/bin/../lib/gcc/arm-none-eabi/7.3.1/thumb/v7-m\libgcc.a
LOAD c:/users/marta/stm32cubeide/workspace_1.0.1/stm32cubeide_1.0.1/stm32cubeide/plugins/com.st.stm32cube.ide.mcu.externaltools.gnu-tools-for-stm32.7-2018-q2-update.win32_1.0.0.201904181610/tools/bin/../lib/gcc/arm-none-eabi/7.3.1/../../../../arm-none-eabi/lib/thumb/v7-m\libc_nano.a
END GROUP
START GROUP
LOAD c:/users/marta/stm32cubeide/workspace_1.0.1/stm32cubeide_1.0.1/stm32cubeide/plugins/com.st.stm32cube.ide.mcu.externaltools.gnu-tools-for-stm32.7-2018-q2-update.win32_1.0.0.201904181610/tools/bin/../lib/gcc/arm-none-eabi/7.3.1/thumb/v7-m\libgcc.a
LOAD c:/users/marta/stm32cubeide/workspace_1.0.1/stm32cubeide_1.0.1/stm32cubeide/plugins/com.st.stm32cube.ide.mcu.externaltools.gnu-tools-for-stm32.7-2018-q2-update.win32_1.0.0.201904181610/tools/bin/../lib/gcc/arm-none-eabi/7.3.1/../../../../arm-none-eabi/lib/thumb/v7-m\libc_nano.a
LOAD c:/users/marta/stm32cubeide/workspace_1.0.1/stm32cubeide_1.0.1/stm32cubeide/plugins/com.st.stm32cube.ide.mcu.externaltools.gnu-tools-for-stm32.7-2018-q2-update.win32_1.0.0.201904181610/tools/bin/../lib/gcc/arm-none-eabi/7.3.1/../../../../arm-none-eabi/lib/thumb/v7-m\libnosys.a
END GROUP
START GROUP
LOAD c:/users/marta/stm32cubeide/workspace_1.0.1/stm32cubeide_1.0.1/stm32cubeide/plugins/com.st.stm32cube.ide.mcu.externaltools.gnu-tools-for-stm32.7-2018-q2-update.win32_1.0.0.201904181610/tools/bin/../lib/gcc/arm-none-eabi/7.3.1/thumb/v7-m\libgcc.a
LOAD c:/users/marta/stm32cubeide/workspace_1.0.1/stm32cubeide_1.0.1/stm32cubeide/plugins/com.st.stm32cube.ide.mcu.externaltools.gnu-tools-for-stm32.7-2018-q2-update.win32_1.0.0.201904181610/tools/bin/../lib/gcc/arm-none-eabi/7.3.1/../../../../arm-none-eabi/lib/thumb/v7-m\libc_nano.a
LOAD c:/users/marta/stm32cubeide/workspace_1.0.1/stm32cubeide_1.0.1/stm32cubeide/plugins/com.st.stm32cube.ide.mcu.externaltools.gnu-tools-for-stm32.7-2018-q2-update.win32_1.0.0.201904181610/tools/bin/../lib/gcc/arm-none-eabi/7.3.1/../../../../arm-none-eabi/lib/thumb/v7-m\libnosys.a
END GROUP
LOAD c:/users/marta/stm32cubeide/workspace_1.0.1/stm32cubeide_1.0.1/stm32cubeide/plugins/com.st.stm32cube.ide.mcu.externaltools.gnu-tools-for-stm32.7-2018-q2-update.win32_1.0.0.201904181610/tools/bin/../lib/gcc/arm-none-eabi/7.3.1/thumb/v7-m/crtend.o
LOAD c:/users/marta/stm32cubeide/workspace_1.0.1/stm32cubeide_1.0.1/stm32cubeide/plugins/com.st.stm32cube.ide.mcu.externaltools.gnu-tools-for-stm32.7-2018-q2-update.win32_1.0.0.201904181610/tools/bin/../lib/gcc/arm-none-eabi/7.3.1/thumb/v7-m/crtn.o
                0x0000000020005000                _estack = 0x20005000
                0x0000000000000200                _Min_Heap_Size = 0x200
                0x0000000000000400                _Min_Stack_Size = 0x400

.isr_vector     0x0000000008000000      0x10c
                0x0000000008000000                . = ALIGN (0x4)
 *(.isr_vector)
 .isr_vector    0x0000000008000000      0x10c Startup/startup_stm32f103c8tx.o
                0x0000000008000000                g_pfnVectors
                0x000000000800010c                . = ALIGN (0x4)

.text           0x000000000800010c     0x1a14
                0x000000000800010c                . = ALIGN (0x4)
 *(.text)
 .text          0x000000000800010c       0x40 c:/users/marta/stm32cubeide/workspace_1.0.1/stm32cubeide_1.0.1/stm32cubeide/plugins/com.st.stm32cube.ide.mcu.externaltools.gnu-tools-for-stm32.7-2018-q2-update.win32_1.0.0.201904181610/tools/bin/../lib/gcc/arm-none-eabi/7.3.1/thumb/v7-m/crtbegin.o
 *(.text*)
 .text.HAL_InitTick
                0x000000000800014c       0x4c Drivers/STM32F1xx_HAL_Driver/Src/stm32f1xx_hal.o
                0x000000000800014c                HAL_InitTick
 .text.HAL_Init
                0x0000000008000198       0x24 Drivers/STM32F1xx_HAL_Driver/Src/stm32f1xx_hal.o
                0x0000000008000198                HAL_Init
 .text.HAL_IncTick
                0x00000000080001bc       0x18 Drivers/STM32F1xx_HAL_Driver/Src/stm32f1xx_hal.o
                0x00000000080001bc                HAL_IncTick
 .text.HAL_GetTick
                0x00000000080001d4        0xc Drivers/STM32F1xx_HAL_Driver/Src/stm32f1xx_hal.o
                0x00000000080001d4                HAL_GetTick
 .text.HAL_NVIC_SetPriorityGrouping
                0x00000000080001e0       0x24 Drivers/STM32F1xx_HAL_Driver/Src/stm32f1xx_hal_cortex.o
                0x00000000080001e0                HAL_NVIC_SetPriorityGrouping
 .text.HAL_NVIC_SetPriority
                0x0000000008000204       0x68 Drivers/STM32F1xx_HAL_Driver/Src/stm32f1xx_hal_cortex.o
                0x0000000008000204                HAL_NVIC_SetPriority
 .text.HAL_NVIC_EnableIRQ
                0x000000000800026c       0x18 Drivers/STM32F1xx_HAL_Driver/Src/stm32f1xx_hal_cortex.o
                0x000000000800026c                HAL_NVIC_EnableIRQ
 .text.HAL_SYSTICK_Config
                0x0000000008000284       0x2c Drivers/STM32F1xx_HAL_Driver/Src/stm32f1xx_hal_cortex.o
                0x0000000008000284                HAL_SYSTICK_Config
 .text.HAL_GPIO_Init
                0x00000000080002b0      0x1d4 Drivers/STM32F1xx_HAL_Driver/Src/stm32f1xx_hal_gpio.o
                0x00000000080002b0                HAL_GPIO_Init
 .text.HAL_GPIO_WritePin
                0x0000000008000484        0xc Drivers/STM32F1xx_HAL_Driver/Src/stm32f1xx_hal_gpio.o
                0x0000000008000484                HAL_GPIO_WritePin
 .text.HAL_GPIO_TogglePin
                0x0000000008000490        0x8 Drivers/STM32F1xx_HAL_Driver/Src/stm32f1xx_hal_gpio.o
                0x0000000008000490                HAL_GPIO_TogglePin
 .text.RCC_Delay
                0x0000000008000498       0x2c Drivers/STM32F1xx_HAL_Driver/Src/stm32f1xx_hal_rcc.o
 .text.HAL_RCC_OscConfig
                0x00000000080004c4      0x3dc Drivers/STM32F1xx_HAL_Driver/Src/stm32f1xx_hal_rcc.o
                0x00000000080004c4                HAL_RCC_OscConfig
 .text.HAL_RCC_GetSysClockFreq
                0x00000000080008a0       0x70 Drivers/STM32F1xx_HAL_Driver/Src/stm32f1xx_hal_rcc.o
                0x00000000080008a0                HAL_RCC_GetSysClockFreq
 .text.HAL_RCC_ClockConfig
                0x0000000008000910      0x19c Drivers/STM32F1xx_HAL_Driver/Src/stm32f1xx_hal_rcc.o
                0x0000000008000910                HAL_RCC_ClockConfig
 .text.HAL_RCC_GetHCLKFreq
                0x0000000008000aac        0xc Drivers/STM32F1xx_HAL_Driver/Src/stm32f1xx_hal_rcc.o
                0x0000000008000aac                HAL_RCC_GetHCLKFreq
 .text.HAL_RCC_GetPCLK1Freq
                0x0000000008000ab8       0x20 Drivers/STM32F1xx_HAL_Driver/Src/stm32f1xx_hal_rcc.o
                0x0000000008000ab8                HAL_RCC_GetPCLK1Freq
 .text.HAL_RCC_GetPCLK2Freq
                0x0000000008000ad8       0x20 Drivers/STM32F1xx_HAL_Driver/Src/stm32f1xx_hal_rcc.o
                0x0000000008000ad8                HAL_RCC_GetPCLK2Freq
 .text.SPI_WaitFlagStateUntilTimeout
                0x0000000008000af8       0x96 Drivers/STM32F1xx_HAL_Driver/Src/stm32f1xx_hal_spi.o
 .text.SPI_CheckFlag_BSY
                0x0000000008000b8e       0x28 Drivers/STM32F1xx_HAL_Driver/Src/stm32f1xx_hal_spi.o
 .text.HAL_SPI_Transmit
                0x0000000008000bb6      0x1a6 Drivers/STM32F1xx_HAL_Driver/Src/stm32f1xx_hal_spi.o
                0x0000000008000bb6                HAL_SPI_Transmit
 .text.HAL_SPI_Init
                0x0000000008000d5c       0x82 Drivers/STM32F1xx_HAL_Driver/Src/stm32f1xx_hal_spi_ex.o
                0x0000000008000d5c                HAL_SPI_Init
 .text.TIM_TI1_ConfigInputStage
                0x0000000008000dde       0x24 Drivers/STM32F1xx_HAL_Driver/Src/stm32f1xx_hal_tim.o
 .text.TIM_TI2_ConfigInputStage
                0x0000000008000e02       0x26 Drivers/STM32F1xx_HAL_Driver/Src/stm32f1xx_hal_tim.o
 .text.TIM_ITRx_SetConfig
                0x0000000008000e28       0x10 Drivers/STM32F1xx_HAL_Driver/Src/stm32f1xx_hal_tim.o
 .text.TIM_ETR_SetConfig
                0x0000000008000e38       0x16 Drivers/STM32F1xx_HAL_Driver/Src/stm32f1xx_hal_tim.o
 .text.HAL_TIM_Base_Start_IT
                0x0000000008000e4e       0x18 Drivers/STM32F1xx_HAL_Driver/Src/stm32f1xx_hal_tim.o
                0x0000000008000e4e                HAL_TIM_Base_Start_IT
 .text.HAL_TIM_ConfigClockSource
                0x0000000008000e66      0x108 Drivers/STM32F1xx_HAL_Driver/Src/stm32f1xx_hal_tim.o
                0x0000000008000e66                HAL_TIM_ConfigClockSource
 .text.HAL_TIM_OC_DelayElapsedCallback
                0x0000000008000f6e        0x2 Drivers/STM32F1xx_HAL_Driver/Src/stm32f1xx_hal_tim.o
                0x0000000008000f6e                HAL_TIM_OC_DelayElapsedCallback
 .text.HAL_TIM_IC_CaptureCallback
                0x0000000008000f70        0x2 Drivers/STM32F1xx_HAL_Driver/Src/stm32f1xx_hal_tim.o
                0x0000000008000f70                HAL_TIM_IC_CaptureCallback
 .text.HAL_TIM_PWM_PulseFinishedCallback
                0x0000000008000f72        0x2 Drivers/STM32F1xx_HAL_Driver/Src/stm32f1xx_hal_tim.o
                0x0000000008000f72                HAL_TIM_PWM_PulseFinishedCallback
 .text.HAL_TIM_TriggerCallback
                0x0000000008000f74        0x2 Drivers/STM32F1xx_HAL_Driver/Src/stm32f1xx_hal_tim.o
                0x0000000008000f74                HAL_TIM_TriggerCallback
 .text.HAL_TIM_IRQHandler
                0x0000000008000f76      0x17a Drivers/STM32F1xx_HAL_Driver/Src/stm32f1xx_hal_tim.o
                0x0000000008000f76                HAL_TIM_IRQHandler
 .text.TIM_Base_SetConfig
                0x00000000080010f0       0x74 Drivers/STM32F1xx_HAL_Driver/Src/stm32f1xx_hal_tim.o
                0x00000000080010f0                TIM_Base_SetConfig
 .text.HAL_TIM_Base_Init
                0x0000000008001164       0x32 Drivers/STM32F1xx_HAL_Driver/Src/stm32f1xx_hal_tim.o
                0x0000000008001164                HAL_TIM_Base_Init
 .text.HAL_TIMEx_MasterConfigSynchronization
                0x0000000008001196       0x52 Drivers/STM32F1xx_HAL_Driver/Src/stm32f1xx_hal_tim_ex.o
                0x0000000008001196                HAL_TIMEx_MasterConfigSynchronization
 .text.HAL_TIMEx_CommutationCallback
                0x00000000080011e8        0x2 Drivers/STM32F1xx_HAL_Driver/Src/stm32f1xx_hal_tim_ex.o
                0x00000000080011e8                HAL_TIMEx_CommutationCallback
 .text.HAL_TIMEx_BreakCallback
                0x00000000080011ea        0x2 Drivers/STM32F1xx_HAL_Driver/Src/stm32f1xx_hal_tim_ex.o
                0x00000000080011ea                HAL_TIMEx_BreakCallback
 .text.UART_SetConfig
                0x00000000080011ec      0x1ac Drivers/STM32F1xx_HAL_Driver/Src/stm32f1xx_hal_uart.o
 .text.HAL_UART_Init
                0x0000000008001398       0x5e Drivers/STM32F1xx_HAL_Driver/Src/stm32f1xx_hal_uart.o
                0x0000000008001398                HAL_UART_Init
 *fill*         0x00000000080013f6        0x2 
 .text.MX_GPIO_Init
                0x00000000080013f8       0xd0 Src/main.o
 .text.MX_SPI1_Init
                0x00000000080014c8       0x3c Src/main.o
 .text.MX_USART3_UART_Init
                0x0000000008001504       0x2c Src/main.o
 .text.MX_TIM4_Init
                0x0000000008001530       0x58 Src/main.o
 .text.MX_TIM2_Init
                0x0000000008001588       0x58 Src/main.o
 .text.SystemClock_Config
                0x00000000080015e0       0x52 Src/main.o
                0x00000000080015e0                SystemClock_Config
 *fill*         0x0000000008001632        0x2 
 .text.main     0x0000000008001634       0x8c Src/main.o
                0x0000000008001634                main
 .text.HAL_TIM_PeriodElapsedCallback
                0x00000000080016c0       0x68 Src/main.o
                0x00000000080016c0                HAL_TIM_PeriodElapsedCallback
 .text.TLC_Write
                0x0000000008001728       0x18 Src/main.o
                0x0000000008001728                TLC_Write
 .text.HAL_MspInit
                0x0000000008001740       0x44 Src/stm32f1xx_hal_msp.o
                0x0000000008001740                HAL_MspInit
 .text.HAL_SPI_MspInit
                0x0000000008001784       0x64 Src/stm32f1xx_hal_msp.o
                0x0000000008001784                HAL_SPI_MspInit
 .text.HAL_TIM_Base_MspInit
                0x00000000080017e8       0x70 Src/stm32f1xx_hal_msp.o
                0x00000000080017e8                HAL_TIM_Base_MspInit
 .text.HAL_UART_MspInit
                0x0000000008001858       0x78 Src/stm32f1xx_hal_msp.o
                0x0000000008001858                HAL_UART_MspInit
 .text.NMI_Handler
                0x00000000080018d0        0x2 Src/stm32f1xx_it.o
                0x00000000080018d0                NMI_Handler
 .text.HardFault_Handler
                0x00000000080018d2        0x2 Src/stm32f1xx_it.o
                0x00000000080018d2                HardFault_Handler
 .text.MemManage_Handler
                0x00000000080018d4        0x2 Src/stm32f1xx_it.o
                0x00000000080018d4                MemManage_Handler
 .text.BusFault_Handler
                0x00000000080018d6        0x2 Src/stm32f1xx_it.o
                0x00000000080018d6                BusFault_Handler
 .text.UsageFault_Handler
                0x00000000080018d8        0x2 Src/stm32f1xx_it.o
                0x00000000080018d8                UsageFault_Handler
 .text.SVC_Handler
                0x00000000080018da        0x2 Src/stm32f1xx_it.o
                0x00000000080018da                SVC_Handler
 .text.DebugMon_Handler
                0x00000000080018dc        0x2 Src/stm32f1xx_it.o
                0x00000000080018dc                DebugMon_Handler
 .text.PendSV_Handler
                0x00000000080018de        0x2 Src/stm32f1xx_it.o
                0x00000000080018de                PendSV_Handler
 .text.SysTick_Handler
                0x00000000080018e0        0x8 Src/stm32f1xx_it.o
                0x00000000080018e0                SysTick_Handler
 .text.TIM2_IRQHandler
                0x00000000080018e8       0x10 Src/stm32f1xx_it.o
                0x00000000080018e8                TIM2_IRQHandler
 .text.TIM4_IRQHandler
                0x00000000080018f8       0x10 Src/stm32f1xx_it.o
                0x00000000080018f8                TIM4_IRQHandler
 .text.SystemInit
                0x0000000008001908       0x4c Src/system_stm32f1xx.o
                0x0000000008001908                SystemInit
 .text.Reset_Handler
                0x0000000008001954       0x48 Startup/startup_stm32f103c8tx.o
                0x0000000008001954                Reset_Handler
 .text.Default_Handler
                0x000000000800199c        0x2 Startup/startup_stm32f103c8tx.o
                0x000000000800199c                RTC_Alarm_IRQHandler
                0x000000000800199c                EXTI2_IRQHandler
                0x000000000800199c                TIM1_CC_IRQHandler
                0x000000000800199c                PVD_IRQHandler
                0x000000000800199c                EXTI3_IRQHandler
                0x000000000800199c                EXTI0_IRQHandler
                0x000000000800199c                I2C2_EV_IRQHandler
                0x000000000800199c                ADC1_2_IRQHandler
                0x000000000800199c                SPI1_IRQHandler
                0x000000000800199c                TAMPER_IRQHandler
                0x000000000800199c                DMA1_Channel4_IRQHandler
                0x000000000800199c                USART3_IRQHandler
                0x000000000800199c                RTC_IRQHandler
                0x000000000800199c                DMA1_Channel7_IRQHandler
                0x000000000800199c                CAN1_RX1_IRQHandler
                0x000000000800199c                I2C1_EV_IRQHandler
                0x000000000800199c                DMA1_Channel6_IRQHandler
                0x000000000800199c                TIM3_IRQHandler
                0x000000000800199c                RCC_IRQHandler
                0x000000000800199c                TIM1_TRG_COM_IRQHandler
                0x000000000800199c                DMA1_Channel1_IRQHandler
                0x000000000800199c                Default_Handler
                0x000000000800199c                EXTI15_10_IRQHandler
                0x000000000800199c                EXTI9_5_IRQHandler
                0x000000000800199c                SPI2_IRQHandler
                0x000000000800199c                DMA1_Channel5_IRQHandler
                0x000000000800199c                EXTI4_IRQHandler
                0x000000000800199c                USB_LP_CAN1_RX0_IRQHandler
                0x000000000800199c                USB_HP_CAN1_TX_IRQHandler
                0x000000000800199c                DMA1_Channel3_IRQHandler
                0x000000000800199c                TIM1_UP_IRQHandler
                0x000000000800199c                WWDG_IRQHandler
                0x000000000800199c                TIM1_BRK_IRQHandler
                0x000000000800199c                EXTI1_IRQHandler
                0x000000000800199c                USART2_IRQHandler
                0x000000000800199c                I2C2_ER_IRQHandler
                0x000000000800199c                DMA1_Channel2_IRQHandler
                0x000000000800199c                CAN1_SCE_IRQHandler
                0x000000000800199c                FLASH_IRQHandler
                0x000000000800199c                USART1_IRQHandler
                0x000000000800199c                I2C1_ER_IRQHandler
                0x000000000800199c                USBWakeUp_IRQHandler
 *fill*         0x000000000800199e        0x2 
 .text.TLC_Update
                0x00000000080019a0       0x7c TLC5947/Src/tlc5947.o
                0x00000000080019a0                TLC_Update
 .text.FillArray
                0x0000000008001a1c       0xa4 TLC5947/Src/tlc5947.o
                0x0000000008001a1c                FillArray
 .text.__libc_init_array
                0x0000000008001ac0       0x48 c:/users/marta/stm32cubeide/workspace_1.0.1/stm32cubeide_1.0.1/stm32cubeide/plugins/com.st.stm32cube.ide.mcu.externaltools.gnu-tools-for-stm32.7-2018-q2-update.win32_1.0.0.201904181610/tools/bin/../lib/gcc/arm-none-eabi/7.3.1/../../../../arm-none-eabi/lib/thumb/v7-m\libc_nano.a(lib_a-init.o)
                0x0000000008001ac0                __libc_init_array
 *(.glue_7)
 .glue_7        0x0000000008001b08        0x0 linker stubs
 *(.glue_7t)
 .glue_7t       0x0000000008001b08        0x0 linker stubs
 *(.eh_frame)
 .eh_frame      0x0000000008001b08        0x0 c:/users/marta/stm32cubeide/workspace_1.0.1/stm32cubeide_1.0.1/stm32cubeide/plugins/com.st.stm32cube.ide.mcu.externaltools.gnu-tools-for-stm32.7-2018-q2-update.win32_1.0.0.201904181610/tools/bin/../lib/gcc/arm-none-eabi/7.3.1/thumb/v7-m/crtbegin.o
 *(.init)
 .init          0x0000000008001b08        0x4 c:/users/marta/stm32cubeide/workspace_1.0.1/stm32cubeide_1.0.1/stm32cubeide/plugins/com.st.stm32cube.ide.mcu.externaltools.gnu-tools-for-stm32.7-2018-q2-update.win32_1.0.0.201904181610/tools/bin/../lib/gcc/arm-none-eabi/7.3.1/thumb/v7-m/crti.o
                0x0000000008001b08                _init
 .init          0x0000000008001b0c        0x8 c:/users/marta/stm32cubeide/workspace_1.0.1/stm32cubeide_1.0.1/stm32cubeide/plugins/com.st.stm32cube.ide.mcu.externaltools.gnu-tools-for-stm32.7-2018-q2-update.win32_1.0.0.201904181610/tools/bin/../lib/gcc/arm-none-eabi/7.3.1/thumb/v7-m/crtn.o
 *(.fini)
 .fini          0x0000000008001b14        0x4 c:/users/marta/stm32cubeide/workspace_1.0.1/stm32cubeide_1.0.1/stm32cubeide/plugins/com.st.stm32cube.ide.mcu.externaltools.gnu-tools-for-stm32.7-2018-q2-update.win32_1.0.0.201904181610/tools/bin/../lib/gcc/arm-none-eabi/7.3.1/thumb/v7-m/crti.o
                0x0000000008001b14                _fini
 .fini          0x0000000008001b18        0x8 c:/users/marta/stm32cubeide/workspace_1.0.1/stm32cubeide_1.0.1/stm32cubeide/plugins/com.st.stm32cube.ide.mcu.externaltools.gnu-tools-for-stm32.7-2018-q2-update.win32_1.0.0.201904181610/tools/bin/../lib/gcc/arm-none-eabi/7.3.1/thumb/v7-m/crtn.o
                0x0000000008001b20                . = ALIGN (0x4)
                0x0000000008001b20                _etext = .

.vfp11_veneer   0x0000000008001b20        0x0
 .vfp11_veneer  0x0000000008001b20        0x0 linker stubs

.v4_bx          0x0000000008001b20        0x0
 .v4_bx         0x0000000008001b20        0x0 linker stubs

.iplt           0x0000000008001b20        0x0
 .iplt          0x0000000008001b20        0x0 c:/users/marta/stm32cubeide/workspace_1.0.1/stm32cubeide_1.0.1/stm32cubeide/plugins/com.st.stm32cube.ide.mcu.externaltools.gnu-tools-for-stm32.7-2018-q2-update.win32_1.0.0.201904181610/tools/bin/../lib/gcc/arm-none-eabi/7.3.1/thumb/v7-m/crtbegin.o

.rodata         0x0000000008001b20       0x2c
                0x0000000008001b20                . = ALIGN (0x4)
 *(.rodata)
 .rodata        0x0000000008001b20       0x12 Drivers/STM32F1xx_HAL_Driver/Src/stm32f1xx_hal_rcc.o
 *(.rodata*)
 *fill*         0x0000000008001b32        0x2 
 .rodata.AHBPrescTable
                0x0000000008001b34       0x10 Src/system_stm32f1xx.o
                0x0000000008001b34                AHBPrescTable
 .rodata.APBPrescTable
                0x0000000008001b44        0x8 Src/system_stm32f1xx.o
                0x0000000008001b44                APBPrescTable
                0x0000000008001b4c                . = ALIGN (0x4)

.rel.dyn        0x0000000008001b4c        0x0
 .rel.iplt      0x0000000008001b4c        0x0 c:/users/marta/stm32cubeide/workspace_1.0.1/stm32cubeide_1.0.1/stm32cubeide/plugins/com.st.stm32cube.ide.mcu.externaltools.gnu-tools-for-stm32.7-2018-q2-update.win32_1.0.0.201904181610/tools/bin/../lib/gcc/arm-none-eabi/7.3.1/thumb/v7-m/crtbegin.o

.ARM.extab      0x0000000008001b4c        0x0
                0x0000000008001b4c                . = ALIGN (0x4)
 *(.ARM.extab* .gnu.linkonce.armextab.*)
                0x0000000008001b4c                . = ALIGN (0x4)

.ARM            0x0000000008001b4c        0x0
                0x0000000008001b4c                . = ALIGN (0x4)
                0x0000000008001b4c                __exidx_start = .
 *(.ARM.exidx*)
                0x0000000008001b4c                __exidx_end = .
                0x0000000008001b4c                . = ALIGN (0x4)

.preinit_array  0x0000000008001b4c        0x0
                0x0000000008001b4c                . = ALIGN (0x4)
                0x0000000008001b4c                PROVIDE (__preinit_array_start = .)
 *(.preinit_array*)
                0x0000000008001b4c                PROVIDE (__preinit_array_end = .)
                0x0000000008001b4c                . = ALIGN (0x4)

.init_array     0x0000000008001b4c        0x4
                0x0000000008001b4c                . = ALIGN (0x4)
                0x0000000008001b4c                PROVIDE (__init_array_start = .)
 *(SORT_BY_NAME(.init_array.*))
 *(.init_array*)
 .init_array    0x0000000008001b4c        0x4 c:/users/marta/stm32cubeide/workspace_1.0.1/stm32cubeide_1.0.1/stm32cubeide/plugins/com.st.stm32cube.ide.mcu.externaltools.gnu-tools-for-stm32.7-2018-q2-update.win32_1.0.0.201904181610/tools/bin/../lib/gcc/arm-none-eabi/7.3.1/thumb/v7-m/crtbegin.o
                0x0000000008001b50                PROVIDE (__init_array_end = .)
                0x0000000008001b50                . = ALIGN (0x4)

.fini_array     0x0000000008001b50        0x4
                0x0000000008001b50                . = ALIGN (0x4)
                [!provide]                        PROVIDE (__fini_array_start = .)
 *(SORT_BY_NAME(.fini_array.*))
 *(.fini_array*)
 .fini_array    0x0000000008001b50        0x4 c:/users/marta/stm32cubeide/workspace_1.0.1/stm32cubeide_1.0.1/stm32cubeide/plugins/com.st.stm32cube.ide.mcu.externaltools.gnu-tools-for-stm32.7-2018-q2-update.win32_1.0.0.201904181610/tools/bin/../lib/gcc/arm-none-eabi/7.3.1/thumb/v7-m/crtbegin.o
                [!provide]                        PROVIDE (__fini_array_end = .)
                0x0000000008001b54                . = ALIGN (0x4)
                0x0000000008001b54                _sidata = LOADADDR (.data)

.data           0x0000000020000000       0x14 load address 0x0000000008001b54
                0x0000000020000000                . = ALIGN (0x4)
                0x0000000020000000                _sdata = .
 *(.data)
 *(.data*)
 .data.uwTickFreq
                0x0000000020000000        0x1 Drivers/STM32F1xx_HAL_Driver/Src/stm32f1xx_hal.o
                0x0000000020000000                uwTickFreq
 *fill*         0x0000000020000001        0x3 
 .data.uwTickPrio
                0x0000000020000004        0x4 Drivers/STM32F1xx_HAL_Driver/Src/stm32f1xx_hal.o
                0x0000000020000004                uwTickPrio
 .data.imain    0x0000000020000008        0x1 Src/main.o
                0x0000000020000008                imain
 *fill*         0x0000000020000009        0x3 
 .data.SystemCoreClock
                0x000000002000000c        0x4 Src/system_stm32f1xx.o
                0x000000002000000c                SystemCoreClock
 .data.intensity.7086
                0x0000000020000010        0x2 TLC5947/Src/tlc5947.o
                0x0000000020000014                . = ALIGN (0x4)
 *fill*         0x0000000020000012        0x2 
                0x0000000020000014                _edata = .

.igot.plt       0x0000000020000014        0x0 load address 0x0000000008001b68
 .igot.plt      0x0000000020000014        0x0 c:/users/marta/stm32cubeide/workspace_1.0.1/stm32cubeide_1.0.1/stm32cubeide/plugins/com.st.stm32cube.ide.mcu.externaltools.gnu-tools-for-stm32.7-2018-q2-update.win32_1.0.0.201904181610/tools/bin/../lib/gcc/arm-none-eabi/7.3.1/thumb/v7-m/crtbegin.o
                0x0000000020000014                . = ALIGN (0x4)

.bss            0x0000000020000014      0x19c load address 0x0000000008001b68
                0x0000000020000014                _sbss = .
                0x0000000020000014                __bss_start__ = _sbss
 *(.bss)
 .bss           0x0000000020000014       0x1c c:/users/marta/stm32cubeide/workspace_1.0.1/stm32cubeide_1.0.1/stm32cubeide/plugins/com.st.stm32cube.ide.mcu.externaltools.gnu-tools-for-stm32.7-2018-q2-update.win32_1.0.0.201904181610/tools/bin/../lib/gcc/arm-none-eabi/7.3.1/thumb/v7-m/crtbegin.o
 *(.bss*)
 .bss.TLCFlag   0x0000000020000030        0x1 Src/main.o
                0x0000000020000030                TLCFlag
 .bss.array_index.7085
                0x0000000020000031        0x1 TLC5947/Src/tlc5947.o
 *fill*         0x0000000020000032        0x2 
 .bss.leds      0x0000000020000034       0x30 TLC5947/Src/tlc5947.o
                0x0000000020000034                leds
 .bss.position.7083
                0x0000000020000064        0x1 TLC5947/Src/tlc5947.o
 *fill*         0x0000000020000065        0x3 
 .bss.spi_send  0x0000000020000068       0x24 TLC5947/Src/tlc5947.o
                0x0000000020000068                spi_send
 *(COMMON)
 COMMON         0x000000002000008c        0x4 Drivers/STM32F1xx_HAL_Driver/Src/stm32f1xx_hal.o
                0x000000002000008c                uwTick
 COMMON         0x0000000020000090      0x120 Src/main.o
                0x0000000020000090                uartByte
                0x0000000020000094                htim4
                0x00000000200000d4                huart3
                0x0000000020000114                UARTVal
                0x0000000020000118                hspi1
                0x0000000020000170                htim2
                0x00000000200001b0                . = ALIGN (0x4)
                0x00000000200001b0                _ebss = .
                0x00000000200001b0                __bss_end__ = _ebss

._user_heap_stack
                0x00000000200001b0      0x600 load address 0x0000000008001b68
                0x00000000200001b0                . = ALIGN (0x8)
                0x00000000200001b0                PROVIDE (end = .)
                [!provide]                        PROVIDE (_end = .)
                0x00000000200003b0                . = (. + _Min_Heap_Size)
 *fill*         0x00000000200001b0      0x200 
                0x00000000200007b0                . = (. + _Min_Stack_Size)
 *fill*         0x00000000200003b0      0x400 
                0x00000000200007b0                . = ALIGN (0x8)

/DISCARD/
 libc.a(*)
 libm.a(*)
 libgcc.a(*)

.ARM.attributes
                0x0000000000000000       0x29
 *(.ARM.attributes)
 .ARM.attributes
                0x0000000000000000       0x1d c:/users/marta/stm32cubeide/workspace_1.0.1/stm32cubeide_1.0.1/stm32cubeide/plugins/com.st.stm32cube.ide.mcu.externaltools.gnu-tools-for-stm32.7-2018-q2-update.win32_1.0.0.201904181610/tools/bin/../lib/gcc/arm-none-eabi/7.3.1/thumb/v7-m/crti.o
 .ARM.attributes
                0x000000000000001d       0x2d c:/users/marta/stm32cubeide/workspace_1.0.1/stm32cubeide_1.0.1/stm32cubeide/plugins/com.st.stm32cube.ide.mcu.externaltools.gnu-tools-for-stm32.7-2018-q2-update.win32_1.0.0.201904181610/tools/bin/../lib/gcc/arm-none-eabi/7.3.1/thumb/v7-m/crtbegin.o
 .ARM.attributes
                0x000000000000004a       0x33 Drivers/STM32F1xx_HAL_Driver/Src/stm32f1xx_hal.o
 .ARM.attributes
                0x000000000000007d       0x33 Drivers/STM32F1xx_HAL_Driver/Src/stm32f1xx_hal_cortex.o
 .ARM.attributes
                0x00000000000000b0       0x33 Drivers/STM32F1xx_HAL_Driver/Src/stm32f1xx_hal_gpio.o
 .ARM.attributes
                0x00000000000000e3       0x33 Drivers/STM32F1xx_HAL_Driver/Src/stm32f1xx_hal_rcc.o
 .ARM.attributes
                0x0000000000000116       0x33 Drivers/STM32F1xx_HAL_Driver/Src/stm32f1xx_hal_spi.o
 .ARM.attributes
                0x0000000000000149       0x33 Drivers/STM32F1xx_HAL_Driver/Src/stm32f1xx_hal_spi_ex.o
 .ARM.attributes
                0x000000000000017c       0x33 Drivers/STM32F1xx_HAL_Driver/Src/stm32f1xx_hal_tim.o
 .ARM.attributes
                0x00000000000001af       0x33 Drivers/STM32F1xx_HAL_Driver/Src/stm32f1xx_hal_tim_ex.o
 .ARM.attributes
                0x00000000000001e2       0x33 Drivers/STM32F1xx_HAL_Driver/Src/stm32f1xx_hal_uart.o
 .ARM.attributes
                0x0000000000000215       0x33 Src/main.o
 .ARM.attributes
                0x0000000000000248       0x33 Src/stm32f1xx_hal_msp.o
 .ARM.attributes
                0x000000000000027b       0x33 Src/stm32f1xx_it.o
 .ARM.attributes
                0x00000000000002ae       0x33 Src/system_stm32f1xx.o
 .ARM.attributes
                0x00000000000002e1       0x21 Startup/startup_stm32f103c8tx.o
 .ARM.attributes
                0x0000000000000302       0x33 TLC5947/Src/tlc5947.o
 .ARM.attributes
                0x0000000000000335       0x2d c:/users/marta/stm32cubeide/workspace_1.0.1/stm32cubeide_1.0.1/stm32cubeide/plugins/com.st.stm32cube.ide.mcu.externaltools.gnu-tools-for-stm32.7-2018-q2-update.win32_1.0.0.201904181610/tools/bin/../lib/gcc/arm-none-eabi/7.3.1/../../../../arm-none-eabi/lib/thumb/v7-m\libc_nano.a(lib_a-init.o)
 .ARM.attributes
                0x0000000000000362       0x1d c:/users/marta/stm32cubeide/workspace_1.0.1/stm32cubeide_1.0.1/stm32cubeide/plugins/com.st.stm32cube.ide.mcu.externaltools.gnu-tools-for-stm32.7-2018-q2-update.win32_1.0.0.201904181610/tools/bin/../lib/gcc/arm-none-eabi/7.3.1/thumb/v7-m/crtn.o
OUTPUT(Mirage-V1.3.elf elf32-littlearm)

.debug_info     0x0000000000000000    0x140d6
 .debug_info    0x0000000000000000      0xfa4 Drivers/STM32F1xx_HAL_Driver/Src/stm32f1xx_hal.o
 .debug_info    0x0000000000000fa4     0x14ac Drivers/STM32F1xx_HAL_Driver/Src/stm32f1xx_hal_cortex.o
 .debug_info    0x0000000000002450      0xebe Drivers/STM32F1xx_HAL_Driver/Src/stm32f1xx_hal_gpio.o
 .debug_info    0x000000000000330e     0x1226 Drivers/STM32F1xx_HAL_Driver/Src/stm32f1xx_hal_rcc.o
 .debug_info    0x0000000000004534     0x2184 Drivers/STM32F1xx_HAL_Driver/Src/stm32f1xx_hal_spi.o
 .debug_info    0x00000000000066b8      0xe5c Drivers/STM32F1xx_HAL_Driver/Src/stm32f1xx_hal_spi_ex.o
 .debug_info    0x0000000000007514     0x3697 Drivers/STM32F1xx_HAL_Driver/Src/stm32f1xx_hal_tim.o
 .debug_info    0x000000000000abab     0x1adf Drivers/STM32F1xx_HAL_Driver/Src/stm32f1xx_hal_tim_ex.o
 .debug_info    0x000000000000c68a     0x1eb2 Drivers/STM32F1xx_HAL_Driver/Src/stm32f1xx_hal_uart.o
 .debug_info    0x000000000000e53c     0x1bbd Src/main.o
 .debug_info    0x00000000000100f9     0x188d Src/stm32f1xx_hal_msp.o
 .debug_info    0x0000000000011986      0xf06 Src/stm32f1xx_it.o
 .debug_info    0x000000000001288c      0xc4c Src/system_stm32f1xx.o
 .debug_info    0x00000000000134d8       0x22 Startup/startup_stm32f103c8tx.o
 .debug_info    0x00000000000134fa      0xbdc TLC5947/Src/tlc5947.o

.debug_abbrev   0x0000000000000000     0x23ef
 .debug_abbrev  0x0000000000000000      0x2c9 Drivers/STM32F1xx_HAL_Driver/Src/stm32f1xx_hal.o
 .debug_abbrev  0x00000000000002c9      0x3a4 Drivers/STM32F1xx_HAL_Driver/Src/stm32f1xx_hal_cortex.o
 .debug_abbrev  0x000000000000066d      0x26f Drivers/STM32F1xx_HAL_Driver/Src/stm32f1xx_hal_gpio.o
 .debug_abbrev  0x00000000000008dc      0x2fd Drivers/STM32F1xx_HAL_Driver/Src/stm32f1xx_hal_rcc.o
 .debug_abbrev  0x0000000000000bd9      0x2a9 Drivers/STM32F1xx_HAL_Driver/Src/stm32f1xx_hal_spi.o
 .debug_abbrev  0x0000000000000e82      0x1d1 Drivers/STM32F1xx_HAL_Driver/Src/stm32f1xx_hal_spi_ex.o
 .debug_abbrev  0x0000000000001053      0x2b7 Drivers/STM32F1xx_HAL_Driver/Src/stm32f1xx_hal_tim.o
 .debug_abbrev  0x000000000000130a      0x2a8 Drivers/STM32F1xx_HAL_Driver/Src/stm32f1xx_hal_tim_ex.o
 .debug_abbrev  0x00000000000015b2      0x2d0 Drivers/STM32F1xx_HAL_Driver/Src/stm32f1xx_hal_uart.o
 .debug_abbrev  0x0000000000001882      0x2dc Src/main.o
 .debug_abbrev  0x0000000000001b5e      0x25f Src/stm32f1xx_hal_msp.o
 .debug_abbrev  0x0000000000001dbd      0x1e9 Src/stm32f1xx_it.o
 .debug_abbrev  0x0000000000001fa6      0x1f0 Src/system_stm32f1xx.o
 .debug_abbrev  0x0000000000002196       0x12 Startup/startup_stm32f103c8tx.o
 .debug_abbrev  0x00000000000021a8      0x247 TLC5947/Src/tlc5947.o

.debug_loc      0x0000000000000000     0x8911
 .debug_loc     0x0000000000000000       0xfd Drivers/STM32F1xx_HAL_Driver/Src/stm32f1xx_hal.o
 .debug_loc     0x00000000000000fd      0x5ad Drivers/STM32F1xx_HAL_Driver/Src/stm32f1xx_hal_cortex.o
 .debug_loc     0x00000000000006aa      0x44e Drivers/STM32F1xx_HAL_Driver/Src/stm32f1xx_hal_gpio.o
 .debug_loc     0x0000000000000af8      0x4f6 Drivers/STM32F1xx_HAL_Driver/Src/stm32f1xx_hal_rcc.o
 .debug_loc     0x0000000000000fee     0x1958 Drivers/STM32F1xx_HAL_Driver/Src/stm32f1xx_hal_spi.o
 .debug_loc     0x0000000000002946       0x4d Drivers/STM32F1xx_HAL_Driver/Src/stm32f1xx_hal_spi_ex.o
 .debug_loc     0x0000000000002993     0x367a Drivers/STM32F1xx_HAL_Driver/Src/stm32f1xx_hal_tim.o
 .debug_loc     0x000000000000600d      0xf9e Drivers/STM32F1xx_HAL_Driver/Src/stm32f1xx_hal_tim_ex.o
 .debug_loc     0x0000000000006fab     0x1529 Drivers/STM32F1xx_HAL_Driver/Src/stm32f1xx_hal_uart.o
 .debug_loc     0x00000000000084d4       0x9a Src/main.o
 .debug_loc     0x000000000000856e      0x18e Src/stm32f1xx_hal_msp.o
 .debug_loc     0x00000000000086fc       0xdf Src/system_stm32f1xx.o
 .debug_loc     0x00000000000087db      0x136 TLC5947/Src/tlc5947.o

.debug_aranges  0x0000000000000000      0xc50
 .debug_aranges
                0x0000000000000000       0xd0 Drivers/STM32F1xx_HAL_Driver/Src/stm32f1xx_hal.o
 .debug_aranges
                0x00000000000000d0       0x90 Drivers/STM32F1xx_HAL_Driver/Src/stm32f1xx_hal_cortex.o
 .debug_aranges
                0x0000000000000160       0x58 Drivers/STM32F1xx_HAL_Driver/Src/stm32f1xx_hal_gpio.o
 .debug_aranges
                0x00000000000001b8       0x90 Drivers/STM32F1xx_HAL_Driver/Src/stm32f1xx_hal_rcc.o
 .debug_aranges
                0x0000000000000248      0x1d0 Drivers/STM32F1xx_HAL_Driver/Src/stm32f1xx_hal_spi.o
 .debug_aranges
                0x0000000000000418       0x20 Drivers/STM32F1xx_HAL_Driver/Src/stm32f1xx_hal_spi_ex.o
 .debug_aranges
                0x0000000000000438      0x368 Drivers/STM32F1xx_HAL_Driver/Src/stm32f1xx_hal_tim.o
 .debug_aranges
                0x00000000000007a0      0x138 Drivers/STM32F1xx_HAL_Driver/Src/stm32f1xx_hal_tim_ex.o
 .debug_aranges
                0x00000000000008d8      0x1d0 Drivers/STM32F1xx_HAL_Driver/Src/stm32f1xx_hal_uart.o
 .debug_aranges
                0x0000000000000aa8       0x70 Src/main.o
 .debug_aranges
                0x0000000000000b18       0x50 Src/stm32f1xx_hal_msp.o
 .debug_aranges
                0x0000000000000b68       0x70 Src/stm32f1xx_it.o
 .debug_aranges
                0x0000000000000bd8       0x28 Src/system_stm32f1xx.o
 .debug_aranges
                0x0000000000000c00       0x28 Startup/startup_stm32f103c8tx.o
 .debug_aranges
                0x0000000000000c28       0x28 TLC5947/Src/tlc5947.o

.debug_ranges   0x0000000000000000      0xc00
 .debug_ranges  0x0000000000000000       0xc0 Drivers/STM32F1xx_HAL_Driver/Src/stm32f1xx_hal.o
 .debug_ranges  0x00000000000000c0       0xe0 Drivers/STM32F1xx_HAL_Driver/Src/stm32f1xx_hal_cortex.o
 .debug_ranges  0x00000000000001a0       0x48 Drivers/STM32F1xx_HAL_Driver/Src/stm32f1xx_hal_gpio.o
 .debug_ranges  0x00000000000001e8       0xa0 Drivers/STM32F1xx_HAL_Driver/Src/stm32f1xx_hal_rcc.o
 .debug_ranges  0x0000000000000288      0x1c0 Drivers/STM32F1xx_HAL_Driver/Src/stm32f1xx_hal_spi.o
 .debug_ranges  0x0000000000000448       0x10 Drivers/STM32F1xx_HAL_Driver/Src/stm32f1xx_hal_spi_ex.o
 .debug_ranges  0x0000000000000458      0x358 Drivers/STM32F1xx_HAL_Driver/Src/stm32f1xx_hal_tim.o
 .debug_ranges  0x00000000000007b0      0x128 Drivers/STM32F1xx_HAL_Driver/Src/stm32f1xx_hal_tim_ex.o
 .debug_ranges  0x00000000000008d8      0x1c0 Drivers/STM32F1xx_HAL_Driver/Src/stm32f1xx_hal_uart.o
 .debug_ranges  0x0000000000000a98       0x60 Src/main.o
 .debug_ranges  0x0000000000000af8       0x40 Src/stm32f1xx_hal_msp.o
 .debug_ranges  0x0000000000000b38       0x60 Src/stm32f1xx_it.o
 .debug_ranges  0x0000000000000b98       0x18 Src/system_stm32f1xx.o
 .debug_ranges  0x0000000000000bb0       0x20 Startup/startup_stm32f103c8tx.o
 .debug_ranges  0x0000000000000bd0       0x30 TLC5947/Src/tlc5947.o

.debug_macro    0x0000000000000000    0x15db1
 .debug_macro   0x0000000000000000      0x312 Drivers/STM32F1xx_HAL_Driver/Src/stm32f1xx_hal.o
 .debug_macro   0x0000000000000312      0xa5a Drivers/STM32F1xx_HAL_Driver/Src/stm32f1xx_hal.o
 .debug_macro   0x0000000000000d6c      0x175 Drivers/STM32F1xx_HAL_Driver/Src/stm32f1xx_hal.o
 .debug_macro   0x0000000000000ee1       0x2e Drivers/STM32F1xx_HAL_Driver/Src/stm32f1xx_hal.o
 .debug_macro   0x0000000000000f0f       0x22 Drivers/STM32F1xx_HAL_Driver/Src/stm32f1xx_hal.o
 .debug_macro   0x0000000000000f31       0x22 Drivers/STM32F1xx_HAL_Driver/Src/stm32f1xx_hal.o
 .debug_macro   0x0000000000000f53       0x8e Drivers/STM32F1xx_HAL_Driver/Src/stm32f1xx_hal.o
 .debug_macro   0x0000000000000fe1       0x51 Drivers/STM32F1xx_HAL_Driver/Src/stm32f1xx_hal.o
 .debug_macro   0x0000000000001032       0xef Drivers/STM32F1xx_HAL_Driver/Src/stm32f1xx_hal.o
 .debug_macro   0x0000000000001121       0x6a Drivers/STM32F1xx_HAL_Driver/Src/stm32f1xx_hal.o
 .debug_macro   0x000000000000118b      0x1df Drivers/STM32F1xx_HAL_Driver/Src/stm32f1xx_hal.o
 .debug_macro   0x000000000000136a       0x34 Drivers/STM32F1xx_HAL_Driver/Src/stm32f1xx_hal.o
 .debug_macro   0x000000000000139e       0x34 Drivers/STM32F1xx_HAL_Driver/Src/stm32f1xx_hal.o
 .debug_macro   0x00000000000013d2      0xb8e Drivers/STM32F1xx_HAL_Driver/Src/stm32f1xx_hal.o
 .debug_macro   0x0000000000001f60     0xe911 Drivers/STM32F1xx_HAL_Driver/Src/stm32f1xx_hal.o
 .debug_macro   0x0000000000010871       0x43 Drivers/STM32F1xx_HAL_Driver/Src/stm32f1xx_hal.o
 .debug_macro   0x00000000000108b4       0x46 Drivers/STM32F1xx_HAL_Driver/Src/stm32f1xx_hal.o
 .debug_macro   0x00000000000108fa       0x18 Drivers/STM32F1xx_HAL_Driver/Src/stm32f1xx_hal.o
 .debug_macro   0x0000000000010912       0x3c Drivers/STM32F1xx_HAL_Driver/Src/stm32f1xx_hal.o
 .debug_macro   0x000000000001094e       0x34 Drivers/STM32F1xx_HAL_Driver/Src/stm32f1xx_hal.o
 .debug_macro   0x0000000000010982       0x16 Drivers/STM32F1xx_HAL_Driver/Src/stm32f1xx_hal.o
 .debug_macro   0x0000000000010998       0x97 Drivers/STM32F1xx_HAL_Driver/Src/stm32f1xx_hal.o
 .debug_macro   0x0000000000010a2f      0x330 Drivers/STM32F1xx_HAL_Driver/Src/stm32f1xx_hal.o
 .debug_macro   0x0000000000010d5f       0xfd Drivers/STM32F1xx_HAL_Driver/Src/stm32f1xx_hal.o
 .debug_macro   0x0000000000010e5c       0x10 Drivers/STM32F1xx_HAL_Driver/Src/stm32f1xx_hal.o
 .debug_macro   0x0000000000010e6c       0x52 Drivers/STM32F1xx_HAL_Driver/Src/stm32f1xx_hal.o
 .debug_macro   0x0000000000010ebe       0x1f Drivers/STM32F1xx_HAL_Driver/Src/stm32f1xx_hal.o
 .debug_macro   0x0000000000010edd       0x43 Drivers/STM32F1xx_HAL_Driver/Src/stm32f1xx_hal.o
 .debug_macro   0x0000000000010f20       0x20 Drivers/STM32F1xx_HAL_Driver/Src/stm32f1xx_hal.o
 .debug_macro   0x0000000000010f40      0x1a3 Drivers/STM32F1xx_HAL_Driver/Src/stm32f1xx_hal.o
 .debug_macro   0x00000000000110e3       0x10 Drivers/STM32F1xx_HAL_Driver/Src/stm32f1xx_hal.o
 .debug_macro   0x00000000000110f3       0x1c Drivers/STM32F1xx_HAL_Driver/Src/stm32f1xx_hal.o
 .debug_macro   0x000000000001110f       0x52 Drivers/STM32F1xx_HAL_Driver/Src/stm32f1xx_hal.o
 .debug_macro   0x0000000000011161       0x40 Drivers/STM32F1xx_HAL_Driver/Src/stm32f1xx_hal.o
 .debug_macro   0x00000000000111a1       0x10 Drivers/STM32F1xx_HAL_Driver/Src/stm32f1xx_hal.o
 .debug_macro   0x00000000000111b1       0x40 Drivers/STM32F1xx_HAL_Driver/Src/stm32f1xx_hal.o
 .debug_macro   0x00000000000111f1       0xd7 Drivers/STM32F1xx_HAL_Driver/Src/stm32f1xx_hal.o
 .debug_macro   0x00000000000112c8       0x1c Drivers/STM32F1xx_HAL_Driver/Src/stm32f1xx_hal.o
 .debug_macro   0x00000000000112e4       0x3d Drivers/STM32F1xx_HAL_Driver/Src/stm32f1xx_hal.o
 .debug_macro   0x0000000000011321       0x16 Drivers/STM32F1xx_HAL_Driver/Src/stm32f1xx_hal.o
 .debug_macro   0x0000000000011337      0x145 Drivers/STM32F1xx_HAL_Driver/Src/stm32f1xx_hal.o
 .debug_macro   0x000000000001147c       0x57 Drivers/STM32F1xx_HAL_Driver/Src/stm32f1xx_hal.o
 .debug_macro   0x00000000000114d3      0x5c2 Drivers/STM32F1xx_HAL_Driver/Src/stm32f1xx_hal.o
 .debug_macro   0x0000000000011a95      0x28a Drivers/STM32F1xx_HAL_Driver/Src/stm32f1xx_hal.o
 .debug_macro   0x0000000000011d1f      0x1cb Drivers/STM32F1xx_HAL_Driver/Src/stm32f1xx_hal.o
 .debug_macro   0x0000000000011eea      0x11e Drivers/STM32F1xx_HAL_Driver/Src/stm32f1xx_hal.o
 .debug_macro   0x0000000000012008      0x1b3 Drivers/STM32F1xx_HAL_Driver/Src/stm32f1xx_hal.o
 .debug_macro   0x00000000000121bb       0x27 Drivers/STM32F1xx_HAL_Driver/Src/stm32f1xx_hal.o
 .debug_macro   0x00000000000121e2      0x1bc Drivers/STM32F1xx_HAL_Driver/Src/stm32f1xx_hal.o
 .debug_macro   0x000000000001239e       0x34 Drivers/STM32F1xx_HAL_Driver/Src/stm32f1xx_hal.o
 .debug_macro   0x00000000000123d2       0x3c Drivers/STM32F1xx_HAL_Driver/Src/stm32f1xx_hal.o
 .debug_macro   0x000000000001240e       0x57 Drivers/STM32F1xx_HAL_Driver/Src/stm32f1xx_hal.o
 .debug_macro   0x0000000000012465       0x8c Drivers/STM32F1xx_HAL_Driver/Src/stm32f1xx_hal.o
 .debug_macro   0x00000000000124f1      0x242 Drivers/STM32F1xx_HAL_Driver/Src/stm32f1xx_hal.o
 .debug_macro   0x0000000000012733      0x143 Drivers/STM32F1xx_HAL_Driver/Src/stm32f1xx_hal.o
 .debug_macro   0x0000000000012876      0x1f4 Drivers/STM32F1xx_HAL_Driver/Src/stm32f1xx_hal.o
 .debug_macro   0x0000000000012a6a      0x853 Drivers/STM32F1xx_HAL_Driver/Src/stm32f1xx_hal.o
 .debug_macro   0x00000000000132bd       0x1f Drivers/STM32F1xx_HAL_Driver/Src/stm32f1xx_hal.o
 .debug_macro   0x00000000000132dc      0x26b Drivers/STM32F1xx_HAL_Driver/Src/stm32f1xx_hal.o
 .debug_macro   0x0000000000013547       0x83 Drivers/STM32F1xx_HAL_Driver/Src/stm32f1xx_hal.o
 .debug_macro   0x00000000000135ca      0x2ee Drivers/STM32F1xx_HAL_Driver/Src/stm32f1xx_hal_cortex.o
 .debug_macro   0x00000000000138b8      0x35e Drivers/STM32F1xx_HAL_Driver/Src/stm32f1xx_hal_gpio.o
 .debug_macro   0x0000000000013c16      0x300 Drivers/STM32F1xx_HAL_Driver/Src/stm32f1xx_hal_rcc.o
 .debug_macro   0x0000000000013f16      0x2f6 Drivers/STM32F1xx_HAL_Driver/Src/stm32f1xx_hal_spi.o
 .debug_macro   0x000000000001420c      0x2ee Drivers/STM32F1xx_HAL_Driver/Src/stm32f1xx_hal_spi_ex.o
 .debug_macro   0x00000000000144fa      0x2ee Drivers/STM32F1xx_HAL_Driver/Src/stm32f1xx_hal_tim.o
 .debug_macro   0x00000000000147e8      0x2ee Drivers/STM32F1xx_HAL_Driver/Src/stm32f1xx_hal_tim_ex.o
 .debug_macro   0x0000000000014ad6      0x2ef Drivers/STM32F1xx_HAL_Driver/Src/stm32f1xx_hal_uart.o
 .debug_macro   0x0000000000014dc5      0x306 Src/main.o
 .debug_macro   0x00000000000150cb       0x28 Src/main.o
 .debug_macro   0x00000000000150f3       0x4c Src/main.o
 .debug_macro   0x000000000001513f      0x2fd Src/stm32f1xx_hal_msp.o
 .debug_macro   0x000000000001543c      0x307 Src/stm32f1xx_it.o
 .debug_macro   0x0000000000015743      0x2f4 Src/system_stm32f1xx.o
 .debug_macro   0x0000000000015a37      0x306 TLC5947/Src/tlc5947.o
 .debug_macro   0x0000000000015d3d       0x2e TLC5947/Src/tlc5947.o
 .debug_macro   0x0000000000015d6b       0x46 TLC5947/Src/tlc5947.o

.debug_line     0x0000000000000000     0xb6bd
 .debug_line    0x0000000000000000      0xafd Drivers/STM32F1xx_HAL_Driver/Src/stm32f1xx_hal.o
 .debug_line    0x0000000000000afd      0xb15 Drivers/STM32F1xx_HAL_Driver/Src/stm32f1xx_hal_cortex.o
 .debug_line    0x0000000000001612      0xafa Drivers/STM32F1xx_HAL_Driver/Src/stm32f1xx_hal_gpio.o
 .debug_line    0x000000000000210c      0xc1b Drivers/STM32F1xx_HAL_Driver/Src/stm32f1xx_hal_rcc.o
 .debug_line    0x0000000000002d27     0x1344 Drivers/STM32F1xx_HAL_Driver/Src/stm32f1xx_hal_spi.o
 .debug_line    0x000000000000406b      0x976 Drivers/STM32F1xx_HAL_Driver/Src/stm32f1xx_hal_spi_ex.o
 .debug_line    0x00000000000049e1     0x1912 Drivers/STM32F1xx_HAL_Driver/Src/stm32f1xx_hal_tim.o
 .debug_line    0x00000000000062f3      0xecc Drivers/STM32F1xx_HAL_Driver/Src/stm32f1xx_hal_tim_ex.o
 .debug_line    0x00000000000071bf     0x122e Drivers/STM32F1xx_HAL_Driver/Src/stm32f1xx_hal_uart.o
 .debug_line    0x00000000000083ed      0xac2 Src/main.o
 .debug_line    0x0000000000008eaf      0x9fc Src/stm32f1xx_hal_msp.o
 .debug_line    0x00000000000098ab      0x9fb Src/stm32f1xx_it.o
 .debug_line    0x000000000000a2a6      0x97a Src/system_stm32f1xx.o
 .debug_line    0x000000000000ac20       0x7f Startup/startup_stm32f103c8tx.o
 .debug_line    0x000000000000ac9f      0xa1e TLC5947/Src/tlc5947.o

.debug_str      0x0000000000000000    0x7354e
 .debug_str     0x0000000000000000    0x7036c Drivers/STM32F1xx_HAL_Driver/Src/stm32f1xx_hal.o
                                      0x70712 (size before relaxing)
 .debug_str     0x000000000007036c      0x2e1 Drivers/STM32F1xx_HAL_Driver/Src/stm32f1xx_hal_cortex.o
                                      0x706e1 (size before relaxing)
 .debug_str     0x000000000007064d      0x3b0 Drivers/STM32F1xx_HAL_Driver/Src/stm32f1xx_hal_gpio.o
                                      0x70428 (size before relaxing)
 .debug_str     0x00000000000709fd      0x368 Drivers/STM32F1xx_HAL_Driver/Src/stm32f1xx_hal_rcc.o
                                      0x7047d (size before relaxing)
 .debug_str     0x0000000000070d65      0x8af Drivers/STM32F1xx_HAL_Driver/Src/stm32f1xx_hal_spi.o
                                      0x7093a (size before relaxing)
 .debug_str     0x0000000000071614       0x3b Drivers/STM32F1xx_HAL_Driver/Src/stm32f1xx_hal_spi_ex.o
                                      0x70409 (size before relaxing)
 .debug_str     0x000000000007164f      0xf0d Drivers/STM32F1xx_HAL_Driver/Src/stm32f1xx_hal_tim.o
                                      0x7117d (size before relaxing)
 .debug_str     0x000000000007255c      0x4f1 Drivers/STM32F1xx_HAL_Driver/Src/stm32f1xx_hal_tim_ex.o
                                      0x70a1f (size before relaxing)
 .debug_str     0x0000000000072a4d      0x675 Drivers/STM32F1xx_HAL_Driver/Src/stm32f1xx_hal_uart.o
                                      0x70996 (size before relaxing)
 .debug_str     0x00000000000730c2      0x290 Src/main.o
                                      0x70d03 (size before relaxing)
 .debug_str     0x0000000000073352       0x25 Src/stm32f1xx_hal_msp.o
                                      0x70be1 (size before relaxing)
 .debug_str     0x0000000000073377       0xd8 Src/stm32f1xx_it.o
                                      0x70531 (size before relaxing)
 .debug_str     0x000000000007344f       0x69 Src/system_stm32f1xx.o
                                      0x700d3 (size before relaxing)
 .debug_str     0x00000000000734b8       0x31 Startup/startup_stm32f103c8tx.o
                                         0x6f (size before relaxing)
 .debug_str     0x00000000000734e9       0x65 TLC5947/Src/tlc5947.o
                                      0x70252 (size before relaxing)

.comment        0x0000000000000000       0x7b
 .comment       0x0000000000000000       0x7b Drivers/STM32F1xx_HAL_Driver/Src/stm32f1xx_hal.o
                                         0x7c (size before relaxing)
 .comment       0x000000000000007b       0x7c Drivers/STM32F1xx_HAL_Driver/Src/stm32f1xx_hal_cortex.o
 .comment       0x000000000000007b       0x7c Drivers/STM32F1xx_HAL_Driver/Src/stm32f1xx_hal_gpio.o
 .comment       0x000000000000007b       0x7c Drivers/STM32F1xx_HAL_Driver/Src/stm32f1xx_hal_rcc.o
 .comment       0x000000000000007b       0x7c Drivers/STM32F1xx_HAL_Driver/Src/stm32f1xx_hal_spi.o
 .comment       0x000000000000007b       0x7c Drivers/STM32F1xx_HAL_Driver/Src/stm32f1xx_hal_spi_ex.o
 .comment       0x000000000000007b       0x7c Drivers/STM32F1xx_HAL_Driver/Src/stm32f1xx_hal_tim.o
 .comment       0x000000000000007b       0x7c Drivers/STM32F1xx_HAL_Driver/Src/stm32f1xx_hal_tim_ex.o
 .comment       0x000000000000007b       0x7c Drivers/STM32F1xx_HAL_Driver/Src/stm32f1xx_hal_uart.o
 .comment       0x000000000000007b       0x7c Src/main.o
 .comment       0x000000000000007b       0x7c Src/stm32f1xx_hal_msp.o
 .comment       0x000000000000007b       0x7c Src/stm32f1xx_it.o
 .comment       0x000000000000007b       0x7c Src/system_stm32f1xx.o
 .comment       0x000000000000007b       0x7c TLC5947/Src/tlc5947.o

.debug_frame    0x0000000000000000     0x2078
 .debug_frame   0x0000000000000000      0x1ac Drivers/STM32F1xx_HAL_Driver/Src/stm32f1xx_hal.o
 .debug_frame   0x00000000000001ac      0x12c Drivers/STM32F1xx_HAL_Driver/Src/stm32f1xx_hal_cortex.o
 .debug_frame   0x00000000000002d8       0xd4 Drivers/STM32F1xx_HAL_Driver/Src/stm32f1xx_hal_gpio.o
 .debug_frame   0x00000000000003ac      0x174 Drivers/STM32F1xx_HAL_Driver/Src/stm32f1xx_hal_rcc.o
 .debug_frame   0x0000000000000520      0x56c Drivers/STM32F1xx_HAL_Driver/Src/stm32f1xx_hal_spi.o
 .debug_frame   0x0000000000000a8c       0x2c Drivers/STM32F1xx_HAL_Driver/Src/stm32f1xx_hal_spi_ex.o
 .debug_frame   0x0000000000000ab8      0x9e0 Drivers/STM32F1xx_HAL_Driver/Src/stm32f1xx_hal_tim.o
 .debug_frame   0x0000000000001498      0x374 Drivers/STM32F1xx_HAL_Driver/Src/stm32f1xx_hal_tim_ex.o
 .debug_frame   0x000000000000180c      0x4f0 Drivers/STM32F1xx_HAL_Driver/Src/stm32f1xx_hal_uart.o
 .debug_frame   0x0000000000001cfc      0x13c Src/main.o
 .debug_frame   0x0000000000001e38       0xd0 Src/stm32f1xx_hal_msp.o
 .debug_frame   0x0000000000001f08       0xd8 Src/stm32f1xx_it.o
 .debug_frame   0x0000000000001fe0       0x30 Src/system_stm32f1xx.o
 .debug_frame   0x0000000000002010       0x3c TLC5947/Src/tlc5947.o
 .debug_frame   0x000000000000204c       0x2c c:/users/marta/stm32cubeide/workspace_1.0.1/stm32cubeide_1.0.1/stm32cubeide/plugins/com.st.stm32cube.ide.mcu.externaltools.gnu-tools-for-stm32.7-2018-q2-update.win32_1.0.0.201904181610/tools/bin/../lib/gcc/arm-none-eabi/7.3.1/../../../../arm-none-eabi/lib/thumb/v7-m\libc_nano.a(lib_a-init.o)
